// Jest Snapshot v1, https://goo.gl/fbAQLP

exports[`Card should match the snapshot 1`] = `
ShallowWrapper {
  "length": 1,
  Symbol(enzyme.__root__): [Circular],
  Symbol(enzyme.__unrendered__): <Unknown
    addFavorite={[Function]}
    favorites={
        Array [
            Object {
              "date": "Release Date: 2018-10-5",
              "image": "/bXrZ5iHBEjH7WMidbUDQ0U2xbmr.jpg",
              "movie_id": 10,
              "overview": "Summary: The tables are turned as four teenagers.",
              "title": "Fantastic Fours",
              "vote": "Rating: 2.5",
            },
            Object {
              "date": "Release Date: 2017-12-09",
              "image": "/bXrZ5iHBEjH7WMidbUDQ0U2xbmr.jpg",
              "movie_id": 101.350698,
              "overview": "Summary: The tables are turned as four teenagers are sucked into Jumanji's world - pitted against rhinos, black mambas and an endless variety of jungle traps and puzzles. To survive, they'll play as characters from the game.",
              "title": "Jumanji: Welcome to the Jungle",
              "vote": "Rating: 6.5",
            },
          ]
    }
    movie={
        Object {
            "movie_id": "1",
            "overview": "Its not real",
            "poster_path": "/hello",
            "release_date": "04-01-18",
            "title": "hello",
            "user_id": "24",
            "vote_average": "-5",
          }
    }
    user={
        Object {
            "email": "r@r.r",
            "id": "5",
            "name": "r",
            "password": "r",
          }
    }
/>,
  Symbol(enzyme.__renderer__): Object {
    "batchedUpdates": [Function],
    "getNode": [Function],
    "render": [Function],
    "simulateEvent": [Function],
    "unmount": [Function],
  },
  Symbol(enzyme.__node__): Object {
    "instance": null,
    "key": undefined,
    "nodeType": "host",
    "props": Object {
      "children": Array [
        <Link
          className="show-more-summary"
          replace={false}
          to="/undefined/1"
>
          Show More
</Link>,
        <button
          className="favorites-button"
          onClick={[Function]}
>
          <span
                    aria-labelledby="favorites-button"
                    role="img"
          >
                    ⭐
          </span>
</button>,
      ],
      "className": "card undefined",
      "style": Object {
        "background": "url('https://image.tmdb.org/t/p/w500//hello')",
        "backgroundSize": "250px 350px",
      },
    },
    "ref": null,
    "rendered": Array [
      Object {
        "instance": null,
        "key": undefined,
        "nodeType": "class",
        "props": Object {
          "children": "Show More",
          "className": "show-more-summary",
          "replace": false,
          "to": "/undefined/1",
        },
        "ref": null,
        "rendered": "Show More",
        "type": [Function],
      },
      Object {
        "instance": null,
        "key": undefined,
        "nodeType": "host",
        "props": Object {
          "children": <span
            aria-labelledby="favorites-button"
            role="img"
>
            ⭐
</span>,
          "className": "favorites-button",
          "onClick": [Function],
        },
        "ref": null,
        "rendered": Object {
          "instance": null,
          "key": undefined,
          "nodeType": "host",
          "props": Object {
            "aria-labelledby": "favorites-button",
            "children": "⭐",
            "role": "img",
          },
          "ref": null,
          "rendered": "⭐",
          "type": "span",
        },
        "type": "button",
      },
    ],
    "type": "article",
  },
  Symbol(enzyme.__nodes__): Array [
    Object {
      "instance": null,
      "key": undefined,
      "nodeType": "host",
      "props": Object {
        "children": Array [
          <Link
            className="show-more-summary"
            replace={false}
            to="/undefined/1"
>
            Show More
</Link>,
          <button
            className="favorites-button"
            onClick={[Function]}
>
            <span
                        aria-labelledby="favorites-button"
                        role="img"
            >
                        ⭐
            </span>
</button>,
        ],
        "className": "card undefined",
        "style": Object {
          "background": "url('https://image.tmdb.org/t/p/w500//hello')",
          "backgroundSize": "250px 350px",
        },
      },
      "ref": null,
      "rendered": Array [
        Object {
          "instance": null,
          "key": undefined,
          "nodeType": "class",
          "props": Object {
            "children": "Show More",
            "className": "show-more-summary",
            "replace": false,
            "to": "/undefined/1",
          },
          "ref": null,
          "rendered": "Show More",
          "type": [Function],
        },
        Object {
          "instance": null,
          "key": undefined,
          "nodeType": "host",
          "props": Object {
            "children": <span
              aria-labelledby="favorites-button"
              role="img"
>
              ⭐
</span>,
            "className": "favorites-button",
            "onClick": [Function],
          },
          "ref": null,
          "rendered": Object {
            "instance": null,
            "key": undefined,
            "nodeType": "host",
            "props": Object {
              "aria-labelledby": "favorites-button",
              "children": "⭐",
              "role": "img",
            },
            "ref": null,
            "rendered": "⭐",
            "type": "span",
          },
          "type": "button",
        },
      ],
      "type": "article",
    },
  ],
  Symbol(enzyme.__options__): Object {
    "adapter": ReactSixteenAdapter {
      "options": Object {
        "enableComponentDidUpdateOnSetState": true,
      },
    },
  },
}
`;
