// Jest Snapshot v1, https://goo.gl/fbAQLP

exports[`SingleMovie should match the snapshot 1`] = `
ShallowWrapper {
  "length": 1,
  Symbol(enzyme.__root__): [Circular],
  Symbol(enzyme.__unrendered__): <SingleMovie
    movie={
        Object {
            "movie_id": "1",
            "overview": "Its not real",
            "poster_path": "/hello",
            "release_date": "04-01-18",
            "title": "hello",
            "user_id": "24",
            "vote_average": "-5",
          }
    }
/>,
  Symbol(enzyme.__renderer__): Object {
    "batchedUpdates": [Function],
    "getNode": [Function],
    "render": [Function],
    "simulateEvent": [Function],
    "unmount": [Function],
  },
  Symbol(enzyme.__node__): Object {
    "instance": null,
    "key": undefined,
    "nodeType": "host",
    "props": Object {
      "children": Array [
        <h1
          className="single-card-title"
>
          hello
</h1>,
        <div
          className="poster-container"
>
          <img
                    alt="movie poster"
                    className="movie-poster"
                    src="https://image.tmdb.org/t/p/w500//hello"
          />
          <div
                    className="single-card-info"
          >
                    <p
                              className="overview"
                    >
                              Its not real
                    </p>
                    <h3
                              className="single-card-date"
                    >
                              04-01-18
                    </h3>
                    <p
                              className="single-card-vote"
                    >
                              -5
                    </p>
          </div>
</div>,
        <Link
          className="close"
          replace={false}
          to="/undefined"
>
          x
</Link>,
      ],
      "className": "single-card",
    },
    "ref": null,
    "rendered": Array [
      Object {
        "instance": null,
        "key": undefined,
        "nodeType": "host",
        "props": Object {
          "children": "hello",
          "className": "single-card-title",
        },
        "ref": null,
        "rendered": "hello",
        "type": "h1",
      },
      Object {
        "instance": null,
        "key": undefined,
        "nodeType": "host",
        "props": Object {
          "children": Array [
            <img
              alt="movie poster"
              className="movie-poster"
              src="https://image.tmdb.org/t/p/w500//hello"
/>,
            <div
              className="single-card-info"
>
              <p
                            className="overview"
              >
                            Its not real
              </p>
              <h3
                            className="single-card-date"
              >
                            04-01-18
              </h3>
              <p
                            className="single-card-vote"
              >
                            -5
              </p>
</div>,
          ],
          "className": "poster-container",
        },
        "ref": null,
        "rendered": Array [
          Object {
            "instance": null,
            "key": undefined,
            "nodeType": "host",
            "props": Object {
              "alt": "movie poster",
              "className": "movie-poster",
              "src": "https://image.tmdb.org/t/p/w500//hello",
            },
            "ref": null,
            "rendered": null,
            "type": "img",
          },
          Object {
            "instance": null,
            "key": undefined,
            "nodeType": "host",
            "props": Object {
              "children": Array [
                <p
                  className="overview"
>
                  Its not real
</p>,
                <h3
                  className="single-card-date"
>
                  04-01-18
</h3>,
                <p
                  className="single-card-vote"
>
                  -5
</p>,
              ],
              "className": "single-card-info",
            },
            "ref": null,
            "rendered": Array [
              Object {
                "instance": null,
                "key": undefined,
                "nodeType": "host",
                "props": Object {
                  "children": "Its not real",
                  "className": "overview",
                },
                "ref": null,
                "rendered": "Its not real",
                "type": "p",
              },
              Object {
                "instance": null,
                "key": undefined,
                "nodeType": "host",
                "props": Object {
                  "children": "04-01-18",
                  "className": "single-card-date",
                },
                "ref": null,
                "rendered": "04-01-18",
                "type": "h3",
              },
              Object {
                "instance": null,
                "key": undefined,
                "nodeType": "host",
                "props": Object {
                  "children": "-5",
                  "className": "single-card-vote",
                },
                "ref": null,
                "rendered": "-5",
                "type": "p",
              },
            ],
            "type": "div",
          },
        ],
        "type": "div",
      },
      Object {
        "instance": null,
        "key": undefined,
        "nodeType": "class",
        "props": Object {
          "children": "x",
          "className": "close",
          "replace": false,
          "to": "/undefined",
        },
        "ref": null,
        "rendered": "x",
        "type": [Function],
      },
    ],
    "type": "article",
  },
  Symbol(enzyme.__nodes__): Array [
    Object {
      "instance": null,
      "key": undefined,
      "nodeType": "host",
      "props": Object {
        "children": Array [
          <h1
            className="single-card-title"
>
            hello
</h1>,
          <div
            className="poster-container"
>
            <img
                        alt="movie poster"
                        className="movie-poster"
                        src="https://image.tmdb.org/t/p/w500//hello"
            />
            <div
                        className="single-card-info"
            >
                        <p
                                    className="overview"
                        >
                                    Its not real
                        </p>
                        <h3
                                    className="single-card-date"
                        >
                                    04-01-18
                        </h3>
                        <p
                                    className="single-card-vote"
                        >
                                    -5
                        </p>
            </div>
</div>,
          <Link
            className="close"
            replace={false}
            to="/undefined"
>
            x
</Link>,
        ],
        "className": "single-card",
      },
      "ref": null,
      "rendered": Array [
        Object {
          "instance": null,
          "key": undefined,
          "nodeType": "host",
          "props": Object {
            "children": "hello",
            "className": "single-card-title",
          },
          "ref": null,
          "rendered": "hello",
          "type": "h1",
        },
        Object {
          "instance": null,
          "key": undefined,
          "nodeType": "host",
          "props": Object {
            "children": Array [
              <img
                alt="movie poster"
                className="movie-poster"
                src="https://image.tmdb.org/t/p/w500//hello"
/>,
              <div
                className="single-card-info"
>
                <p
                                className="overview"
                >
                                Its not real
                </p>
                <h3
                                className="single-card-date"
                >
                                04-01-18
                </h3>
                <p
                                className="single-card-vote"
                >
                                -5
                </p>
</div>,
            ],
            "className": "poster-container",
          },
          "ref": null,
          "rendered": Array [
            Object {
              "instance": null,
              "key": undefined,
              "nodeType": "host",
              "props": Object {
                "alt": "movie poster",
                "className": "movie-poster",
                "src": "https://image.tmdb.org/t/p/w500//hello",
              },
              "ref": null,
              "rendered": null,
              "type": "img",
            },
            Object {
              "instance": null,
              "key": undefined,
              "nodeType": "host",
              "props": Object {
                "children": Array [
                  <p
                    className="overview"
>
                    Its not real
</p>,
                  <h3
                    className="single-card-date"
>
                    04-01-18
</h3>,
                  <p
                    className="single-card-vote"
>
                    -5
</p>,
                ],
                "className": "single-card-info",
              },
              "ref": null,
              "rendered": Array [
                Object {
                  "instance": null,
                  "key": undefined,
                  "nodeType": "host",
                  "props": Object {
                    "children": "Its not real",
                    "className": "overview",
                  },
                  "ref": null,
                  "rendered": "Its not real",
                  "type": "p",
                },
                Object {
                  "instance": null,
                  "key": undefined,
                  "nodeType": "host",
                  "props": Object {
                    "children": "04-01-18",
                    "className": "single-card-date",
                  },
                  "ref": null,
                  "rendered": "04-01-18",
                  "type": "h3",
                },
                Object {
                  "instance": null,
                  "key": undefined,
                  "nodeType": "host",
                  "props": Object {
                    "children": "-5",
                    "className": "single-card-vote",
                  },
                  "ref": null,
                  "rendered": "-5",
                  "type": "p",
                },
              ],
              "type": "div",
            },
          ],
          "type": "div",
        },
        Object {
          "instance": null,
          "key": undefined,
          "nodeType": "class",
          "props": Object {
            "children": "x",
            "className": "close",
            "replace": false,
            "to": "/undefined",
          },
          "ref": null,
          "rendered": "x",
          "type": [Function],
        },
      ],
      "type": "article",
    },
  ],
  Symbol(enzyme.__options__): Object {
    "adapter": ReactSixteenAdapter {
      "options": Object {
        "enableComponentDidUpdateOnSetState": true,
      },
    },
  },
}
`;
