// Jest Snapshot v1, https://goo.gl/fbAQLP

exports[`Login should match the snapshot 1`] = `
ShallowWrapper {
  "length": 1,
  Symbol(enzyme.__root__): [Circular],
  Symbol(enzyme.__unrendered__): <NewUser />,
  Symbol(enzyme.__renderer__): Object {
    "batchedUpdates": [Function],
    "getNode": [Function],
    "render": [Function],
    "simulateEvent": [Function],
    "unmount": [Function],
  },
  Symbol(enzyme.__node__): Object {
    "instance": null,
    "key": undefined,
    "nodeType": "host",
    "props": Object {
      "children": Array [
        <NavLink
          activeClassName="active"
          ariaCurrent="true"
          to="/signIn"
>
          Login
</NavLink>,
        <label>
          <input
                    name="name"
                    onChange={[Function]}
                    placeholder="Name"
                    type="text"
                    value=""
          />
</label>,
        <label>
          <input
                    name="email"
                    onChange={[Function]}
                    placeholder="Email"
                    type="email"
                    value=""
          />
</label>,
        <label>
          <input
                    name="password"
                    onChange={[Function]}
                    placeholder="Password"
                    type="password"
                    value=""
          />
</label>,
        <NavLink
          activeClassName="active"
          ariaCurrent="true"
          onClick={[Function]}
          to="/"
>
          <button>
                    Submit
          </button>
</NavLink>,
      ],
      "onSubmit": [Function],
    },
    "ref": null,
    "rendered": Array [
      Object {
        "instance": null,
        "key": undefined,
        "nodeType": "function",
        "props": Object {
          "activeClassName": "active",
          "ariaCurrent": "true",
          "children": "Login",
          "to": "/signIn",
        },
        "ref": null,
        "rendered": "Login",
        "type": [Function],
      },
      Object {
        "instance": null,
        "key": undefined,
        "nodeType": "host",
        "props": Object {
          "children": <input
            name="name"
            onChange={[Function]}
            placeholder="Name"
            type="text"
            value=""
/>,
        },
        "ref": null,
        "rendered": Object {
          "instance": null,
          "key": undefined,
          "nodeType": "host",
          "props": Object {
            "name": "name",
            "onChange": [Function],
            "placeholder": "Name",
            "type": "text",
            "value": "",
          },
          "ref": null,
          "rendered": null,
          "type": "input",
        },
        "type": "label",
      },
      Object {
        "instance": null,
        "key": undefined,
        "nodeType": "host",
        "props": Object {
          "children": <input
            name="email"
            onChange={[Function]}
            placeholder="Email"
            type="email"
            value=""
/>,
        },
        "ref": null,
        "rendered": Object {
          "instance": null,
          "key": undefined,
          "nodeType": "host",
          "props": Object {
            "name": "email",
            "onChange": [Function],
            "placeholder": "Email",
            "type": "email",
            "value": "",
          },
          "ref": null,
          "rendered": null,
          "type": "input",
        },
        "type": "label",
      },
      Object {
        "instance": null,
        "key": undefined,
        "nodeType": "host",
        "props": Object {
          "children": <input
            name="password"
            onChange={[Function]}
            placeholder="Password"
            type="password"
            value=""
/>,
        },
        "ref": null,
        "rendered": Object {
          "instance": null,
          "key": undefined,
          "nodeType": "host",
          "props": Object {
            "name": "password",
            "onChange": [Function],
            "placeholder": "Password",
            "type": "password",
            "value": "",
          },
          "ref": null,
          "rendered": null,
          "type": "input",
        },
        "type": "label",
      },
      Object {
        "instance": null,
        "key": undefined,
        "nodeType": "function",
        "props": Object {
          "activeClassName": "active",
          "ariaCurrent": "true",
          "children": <button>
            Submit
</button>,
          "onClick": [Function],
          "to": "/",
        },
        "ref": null,
        "rendered": Object {
          "instance": null,
          "key": undefined,
          "nodeType": "host",
          "props": Object {
            "children": "Submit",
          },
          "ref": null,
          "rendered": "Submit",
          "type": "button",
        },
        "type": [Function],
      },
    ],
    "type": "form",
  },
  Symbol(enzyme.__nodes__): Array [
    Object {
      "instance": null,
      "key": undefined,
      "nodeType": "host",
      "props": Object {
        "children": Array [
          <NavLink
            activeClassName="active"
            ariaCurrent="true"
            to="/signIn"
>
            Login
</NavLink>,
          <label>
            <input
                        name="name"
                        onChange={[Function]}
                        placeholder="Name"
                        type="text"
                        value=""
            />
</label>,
          <label>
            <input
                        name="email"
                        onChange={[Function]}
                        placeholder="Email"
                        type="email"
                        value=""
            />
</label>,
          <label>
            <input
                        name="password"
                        onChange={[Function]}
                        placeholder="Password"
                        type="password"
                        value=""
            />
</label>,
          <NavLink
            activeClassName="active"
            ariaCurrent="true"
            onClick={[Function]}
            to="/"
>
            <button>
                        Submit
            </button>
</NavLink>,
        ],
        "onSubmit": [Function],
      },
      "ref": null,
      "rendered": Array [
        Object {
          "instance": null,
          "key": undefined,
          "nodeType": "function",
          "props": Object {
            "activeClassName": "active",
            "ariaCurrent": "true",
            "children": "Login",
            "to": "/signIn",
          },
          "ref": null,
          "rendered": "Login",
          "type": [Function],
        },
        Object {
          "instance": null,
          "key": undefined,
          "nodeType": "host",
          "props": Object {
            "children": <input
              name="name"
              onChange={[Function]}
              placeholder="Name"
              type="text"
              value=""
/>,
          },
          "ref": null,
          "rendered": Object {
            "instance": null,
            "key": undefined,
            "nodeType": "host",
            "props": Object {
              "name": "name",
              "onChange": [Function],
              "placeholder": "Name",
              "type": "text",
              "value": "",
            },
            "ref": null,
            "rendered": null,
            "type": "input",
          },
          "type": "label",
        },
        Object {
          "instance": null,
          "key": undefined,
          "nodeType": "host",
          "props": Object {
            "children": <input
              name="email"
              onChange={[Function]}
              placeholder="Email"
              type="email"
              value=""
/>,
          },
          "ref": null,
          "rendered": Object {
            "instance": null,
            "key": undefined,
            "nodeType": "host",
            "props": Object {
              "name": "email",
              "onChange": [Function],
              "placeholder": "Email",
              "type": "email",
              "value": "",
            },
            "ref": null,
            "rendered": null,
            "type": "input",
          },
          "type": "label",
        },
        Object {
          "instance": null,
          "key": undefined,
          "nodeType": "host",
          "props": Object {
            "children": <input
              name="password"
              onChange={[Function]}
              placeholder="Password"
              type="password"
              value=""
/>,
          },
          "ref": null,
          "rendered": Object {
            "instance": null,
            "key": undefined,
            "nodeType": "host",
            "props": Object {
              "name": "password",
              "onChange": [Function],
              "placeholder": "Password",
              "type": "password",
              "value": "",
            },
            "ref": null,
            "rendered": null,
            "type": "input",
          },
          "type": "label",
        },
        Object {
          "instance": null,
          "key": undefined,
          "nodeType": "function",
          "props": Object {
            "activeClassName": "active",
            "ariaCurrent": "true",
            "children": <button>
              Submit
</button>,
            "onClick": [Function],
            "to": "/",
          },
          "ref": null,
          "rendered": Object {
            "instance": null,
            "key": undefined,
            "nodeType": "host",
            "props": Object {
              "children": "Submit",
            },
            "ref": null,
            "rendered": "Submit",
            "type": "button",
          },
          "type": [Function],
        },
      ],
      "type": "form",
    },
  ],
  Symbol(enzyme.__options__): Object {
    "adapter": ReactSixteenAdapter {
      "options": Object {
        "enableComponentDidUpdateOnSetState": true,
      },
    },
  },
}
`;
